
texnansi-LIGA-KERN-GFSDidot--base GFSDidot  <[a_fm26bw.enc <<GFSDidot.otf
texnansi-LIGA-KERN-GFSDidot-Bold--base GFSDidot-Bold  <[a_rizxyt.enc <<GFSDidotBold.otf
texnansi-LIGA-KERN-GFSDidot-BoldItalic--base GFSDidot-BoldItalic  <[a_solpmu.enc <<GFSDidotBoldItalic.otf
texnansi-LIGA-KERN-GFSDidot-Italic--base GFSDidot-Italic  <[a_hgmmov.enc <<GFSDidotItalic.otf
texnansi-LIGA-KERN-ONUM-PNUM-GFSDidot--base GFSDidot  <[a_t6ujua.enc <<GFSDidot.otf
texnansi-LIGA-KERN-ONUM-PNUM-SMCP-GFSDidot--base GFSDidot  <[a_hjinkc.enc <<GFSDidot.otf
texnansi-LIGA-KERN-SMCP-GFSDidot--base GFSDidot  <[a_4efe4a.enc <<GFSDidot.otf
texnansi-LIGA-KERN-SMCP-LNUM-GFSDidot--base GFSDidot <[a_soje7d.enc <<GFSDidot.otf
ec-LIGA-KERN-GFSDidot--base GFSDidot  <[a_2oijdw.enc <<GFSDidot.otf
ec-LIGA-KERN-GFSDidot-Bold--base GFSDidot-Bold  <[a_by5eq2.enc <<GFSDidotBold.otf
ec-LIGA-KERN-GFSDidot-BoldItalic--base GFSDidot-BoldItalic  <[a_bn52pd.enc <<GFSDidotBoldItalic.otf
ec-LIGA-KERN-GFSDidot-Italic--base GFSDidot-Italic  <[a_ca5qno.enc <<GFSDidotItalic.otf
ec-LIGA-KERN-SMCP-GFSDidot--base GFSDidot <[a_gtdpuu.enc <<GFSDidot.otf
ec-LIGA-KERN-ONUM-PNUM-SMCP-GFSDidot--base GFSDidot <[a_uwlxzw.enc <<GFSDidot.otf
ec-LIGA-KERN-ONUM-PNUM-GFSDidot--base GFSDidot <[a_2qck35.enc <<GFSDidot.otf
ec-LIGA-KERN-SMCP-LNUM-GFSDidot--base GFSDidot <[a_gtdpuu.enc <<GFSDidot.otf
